C51 COMPILER V9.60.7.0   MAIN_FILE                                                         01/17/2023 16:52:23 PAGE 1   


C51 COMPILER V9.60.7.0, COMPILATION OF MODULE MAIN_FILE
OBJECT MODULE PLACED IN .\Objects\Main File.obj
COMPILER INVOKED BY: C:\Keil_v5\C51\BIN\C51.EXE Main File.c OPTIMIZE(8,SPEED) BROWSE DEBUG OBJECTEXTEND PRINT(.\Listings
                    -\Main File.lst) TABS(2) OBJECT(.\Objects\Main File.obj)

line level    source

   1          #include<REG51.h>       //Define 8051 header file
   2          void Delay(unsigned int);   //Define Delay Function
   3          
   4          void main(void)       //Main Program
   5          {
   6   1        while(1){
   7   2          unsigned char z;
   8   2            for(z = 0; z < 3;z++);          // Repeat 3 times
   9   2            {
  10   3              P2 = 0xAA;    //Send 10101010 to Port 2
  11   3              Delay(200);   //Delay
  12   3              P2 = 0x55;    //Send 01010101 to Port 2
  13   3              Delay(200);   //Delay
  14   3            }
  15   2            for(z=0; z< 4;z++);
  16   2            {
  17   3              P2 = 0xCC;    //Send 11001100 to Port 2
  18   3              Delay(100);
  19   3              P2 = 0x33;    //Send 00110011 to Port 2
  20   3              Delay(100);
  21   3            }
  22   2            for(z=0; z< 5;z++);
  23   2            {
  24   3              P2 = 0xF0;    //Send 11110000 to Port 2
  25   3              Delay(50);
  26   3              P2 = 0x0F;    //Send 00001111 to Port 2
  27   3              Delay(50);
  28   3            }
  29   2        }
  30   1      }
  31          
  32          void Delay(unsigned int MyTime){
  33   1        unsigned int x,y;     //Define Variable
  34   1        for(x = 0; x < MyTime ; x++); //For Loop
  35   1        for(y = 0; y < 1250 ; y++ );  //For Loop
  36   1      
  37   1      }
  38                


MODULE INFORMATION:   STATIC OVERLAYABLE
   CODE SIZE        =    124    ----
   CONSTANT SIZE    =   ----    ----
   XDATA SIZE       =   ----    ----
   PDATA SIZE       =   ----    ----
   DATA SIZE        =   ----       1
   IDATA SIZE       =   ----    ----
   BIT SIZE         =   ----    ----
END OF MODULE INFORMATION.


C51 COMPILATION COMPLETE.  0 WARNING(S),  0 ERROR(S)
